../bsp/ds1307.c:16:16:binary_to_bcd	24	static
../bsp/ds1307.c:32:16:bcd_to_binary	24	static
../bsp/ds1307.c:41:13:ds1307_i2c_pin_config	32	static
../bsp/ds1307.c:77:13:ds1307_i2c_config	8	static
../bsp/ds1307.c:86:13:ds1307_write	32	static
../bsp/ds1307.c:94:16:ds1307_read	32	static
../bsp/ds1307.c:105:9:ds1307_init	16	static
../bsp/ds1307.c:128:6:ds1307_set_current_time	24	static
../bsp/ds1307.c:152:6:ds1307_get_current_time	24	static
../bsp/ds1307.c:182:6:ds1307_set_current_date	16	static
../bsp/ds1307.c:196:6:ds1307_get_current_date	16	static
