../drivers/Src/stm32f407xx_spi_driver.c:15:6:SPI_PeripheralControl	16	static
../drivers/Src/stm32f407xx_spi_driver.c:27:6:SPI_PeriClockControl	16	static
../drivers/Src/stm32f407xx_spi_driver.c:63:6:SPI_SSIConfig	16	static
../drivers/Src/stm32f407xx_spi_driver.c:77:6:SPI_Init	24	static
../drivers/Src/stm32f407xx_spi_driver.c:124:6:SPI_DeInit	16	static
../drivers/Src/stm32f407xx_spi_driver.c:149:6:SPI_SendData	24	static
../drivers/Src/stm32f407xx_spi_driver.c:178:6:SPI_ReceiveData	24	static
../drivers/Src/stm32f407xx_spi_driver.c:207:9:SPI_SendData_IT	32	static
../drivers/Src/stm32f407xx_spi_driver.c:224:9:SPI_ReceiveData_IT	32	static
../drivers/Src/stm32f407xx_spi_driver.c:241:6:SPI_IRQInterruptConfig	16	static
../drivers/Src/stm32f407xx_spi_driver.c:282:6:SPI_IRQPriorityConfig	24	static
../drivers/Src/stm32f407xx_spi_driver.c:294:6:SPI_IRQHandling	24	static
../drivers/Src/stm32f407xx_spi_driver.c:330:13:spi_txe_interrupt_handle	16	static
../drivers/Src/stm32f407xx_spi_driver.c:335:14:spi_rxne_interrupt_handle	16	static
../drivers/Src/stm32f407xx_spi_driver.c:341:14:spi_ovr_err_interrupt_handle	16	static
